# Examples CLI matrix 2026-05-28 17:13:16
[gid] ladakh-excerpt  exit=0  match=MATCH  upgrades=99  diff_lines=33
[gname] ladakh-excerpt  exit=0  match=MATCH  upgrades=0  diff_lines=0
[gname_pua_free] ladakh-excerpt  exit=0  match=MATCH  upgrades=0  diff_lines=0
[gshape] ladakh-excerpt  exit=0  match=MATCH  upgrades=99  diff_lines=33
[gshape_pua_free] ladakh-excerpt  exit=0  match=MATCH  upgrades=99  diff_lines=33
[gid_pua_free] ladakh-excerpt  exit=0  match=MATCH  upgrades=99  diff_lines=33
[gid] sample  exit=0  match=MATCH  upgrades=128  diff_lines=16
[gname] sample  exit=0  match=no-match  upgrades=0  diff_lines=0
[gname_pua_free] sample  exit=0  match=no-match  upgrades=0  diff_lines=0
[gshape] sample  exit=0  match=MATCH  upgrades=98  diff_lines=16
[gshape_pua_free] sample  exit=0  match=MATCH  upgrades=113  diff_lines=16
[gid_pua_free] sample  exit=0  match=MATCH  upgrades=128  diff_lines=16
[gid] TI1055-01-001  exit=0  match=MATCH  upgrades=103  diff_lines=10205
[gname] TI1055-01-001  exit=0  match=MATCH  upgrades=1  diff_lines=294
[gname_pua_free] TI1055-01-001  exit=0  match=MATCH  upgrades=1  diff_lines=294
[gshape] TI1055-01-001  exit=0  match=MATCH  upgrades=15  diff_lines=3367
[gshape_pua_free] TI1055-01-001  exit=0  match=MATCH  upgrades=15  diff_lines=3367
[gid_pua_free] TI1055-01-001  exit=0  match=MATCH  upgrades=103  diff_lines=10205
[gid] TI1461-01-001  exit=0  match=MATCH  upgrades=46  diff_lines=25
[gname] TI1461-01-001  exit=0  match=MATCH  upgrades=0  diff_lines=0
[gname_pua_free] TI1461-01-001  exit=0  match=MATCH  upgrades=0  diff_lines=0
[gshape] TI1461-01-001  exit=0  match=MATCH  upgrades=36  diff_lines=20
[gshape_pua_free] TI1461-01-001  exit=0  match=MATCH  upgrades=36  diff_lines=20
[gid_pua_free] TI1461-01-001  exit=0  match=MATCH  upgrades=46  diff_lines=25
[gid] TI1751-01-001  exit=0  match=MATCH  upgrades=7226  diff_lines=2545
[gname] TI1751-01-001  exit=0  match=no-match  upgrades=0  diff_lines=0
[gname_pua_free] TI1751-01-001  exit=0  match=no-match  upgrades=0  diff_lines=0
[gshape] TI1751-01-001  exit=0  match=MATCH  upgrades=7178  diff_lines=2541
[gshape_pua_free] TI1751-01-001  exit=0  match=MATCH  upgrades=7174  diff_lines=2541
[gid_pua_free] TI1751-01-001  exit=0  match=MATCH  upgrades=7226  diff_lines=2545
[gid] TI1763-01-002  exit=0  match=MATCH  upgrades=44  diff_lines=17
[gname] TI1763-01-002  exit=0  match=MATCH  upgrades=2  diff_lines=1
[gname_pua_free] TI1763-01-002  exit=0  match=MATCH  upgrades=2  diff_lines=1
[gshape] TI1763-01-002  exit=0  match=MATCH  upgrades=42  diff_lines=16
[gshape_pua_free] TI1763-01-002  exit=0  match=MATCH  upgrades=42  diff_lines=16
[gid_pua_free] TI1763-01-002  exit=0  match=MATCH  upgrades=44  diff_lines=17
[gid] TI803-01-001  exit=0  match=MATCH  upgrades=90  diff_lines=9356
[gname] TI803-01-001  exit=0  match=MATCH  upgrades=0  diff_lines=0
[gname_pua_free] TI803-01-001  exit=0  match=MATCH  upgrades=0  diff_lines=0
[gshape] TI803-01-001  exit=0  match=MATCH  upgrades=90  diff_lines=9356
[gshape_pua_free] TI803-01-001  exit=0  match=MATCH  upgrades=90  diff_lines=9356
[gid_pua_free] TI803-01-001  exit=0  match=MATCH  upgrades=90  diff_lines=9356
